env: load .env
env: export EXPO_PUBLIC_SUPABASE_URL EXPO_PUBLIC_SUPABASE_ANON_KEY EXPO_PUBLIC_AI_API_KEY EXPO_PUBLIC_AI_API_KEY_2 EXPO_PUBLIC_AI_PROVIDER EXPO_PUBLIC_AI_API_URL EXPO_PUBLIC_AI_MODEL
Starting project at C:\Users\arcix\Projects\biblia-ai
Starting Metro Bundler
warning: Bundler cache is empty, rebuilding (this may take a minute)
Waiting on http://localhost:8081
Logs for your project will appear below.
Android node_modules\expo-router\entry.js ░░░░░░░░░░░░░░░░  0.0% (0/1)
Android node_modules\expo-router\entry.js ▓▓▓▓░░░░░░░░░░░░ 26.3% (195/380)
Android node_modules\expo-router\entry.js ▓▓▓▓▓▓▓▓▓▓░░░░░░ 67.2% ( 762/1020)
Android node_modules\expo-router\entry.js ▓▓▓▓▓▓▓▓▓▓▓▓▓░░░ 82.3% (1382/1553)
Android node_modules\expo-router\entry.js ▓▓▓▓▓▓▓▓▓▓▓▓▓▓▓░ 96.9% (1956/1987)
Android Bundled 14715ms node_modules\expo-router\entry.js (2016 modules)
 WARN  Require cycle: src/theme/index.ts -> src/theme/sharedStyles.ts -> src/theme/index.ts

Require cycles are allowed, but can result in uninitialized values. Consider refactoring to remove the need for a cycle.
 WARN  [expo-av]: Expo AV has been deprecated and will be removed in SDK 54. Use the `expo-audio` and `expo-video` packages to replace the required functionality.
Android node_modules\expo-router\entry.js ░░░░░░░░░░░░░░░░  0.0% (0/1)
Android Bundled 361ms node_modules\expo-router\entry.js (1 module)
 WARN  Require cycle: src/theme/index.ts -> src/theme/sharedStyles.ts -> src/theme/index.ts

Require cycles are allowed, but can result in uninitialized values. Consider refactoring to remove the need for a cycle.
 WARN  [expo-av]: Expo AV has been deprecated and will be removed in SDK 54. Use the `expo-audio` and `expo-video` packages to replace the required functionality.
Android Bundled 433ms src\store\donorStore.ts (644 modules)
 WARN  SafeAreaView has been deprecated and will be removed in a future release. Please use 'react-native-safe-area-context' instead. See https://github.com/th3rdwave/react-native-safe-area-context
Android Bundled 406ms src\store\highlightsStore.ts (769 modules)
Android node_modules\expo-router\entry.js ░░░░░░░░░░░░░░░░  0.0% (0/1)
Android Bundled 1190ms node_modules\expo-router\entry.js (1 module)
 WARN  Require cycle: src/theme/index.ts -> src/theme/sharedStyles.ts -> src/theme/index.ts

Require cycles are allowed, but can result in uninitialized values. Consider refactoring to remove the need for a cycle.
 WARN  [expo-av]: Expo AV has been deprecated and will be removed in SDK 54. Use the `expo-audio` and `expo-video` packages to replace the required functionality.
Android Bundled 224ms src\store\donorStore.ts (1 module)
 WARN  SafeAreaView has been deprecated and will be removed in a future release. Please use 'react-native-safe-area-context' instead. See https://github.com/th3rdwave/react-native-safe-area-context
Android src\store\highlightsStore.ts ░░░░░░░░░░░░░░░░  0.0% (0/1)
Android Bundled 367ms src\store\highlightsStore.ts (1 module)
Android src\services\stats\userStats.ts ░░░░░░░░░░░░░░░░  0.0% (0/1)
Android Bundled 336ms src\services\stats\userStats.ts (479 modules)
Android Bundled 163ms node_modules\expo-router\entry.js (1 module)
 WARN  Require cycle: src/theme/index.ts -> src/theme/sharedStyles.ts -> src/theme/index.ts

Require cycles are allowed, but can result in uninitialized values. Consider refactoring to remove the need for a cycle.
 WARN  [expo-av]: Expo AV has been deprecated and will be removed in SDK 54. Use the `expo-audio` and `expo-video` packages to replace the required functionality.
Android Bundled 34ms src\store\donorStore.ts (1 module)
 WARN  SafeAreaView has been deprecated and will be removed in a future release. Please use 'react-native-safe-area-context' instead. See https://github.com/th3rdwave/react-native-safe-area-context
Android src\store\highlightsStore.ts ░░░░░░░░░░░░░░░░  0.0% (0/1)
Android Bundled 101ms src\store\highlightsStore.ts (1 module)
Android node_modules\expo-router\entry.js ░░░░░░░░░░░░░░░░  0.0% (0/1)
Android Bundled 145ms node_modules\expo-router\entry.js (1 module)
 WARN  Require cycle: src/theme/index.ts -> src/theme/sharedStyles.ts -> src/theme/index.ts

Require cycles are allowed, but can result in uninitialized values. Consider refactoring to remove the need for a cycle.
 WARN  [expo-av]: Expo AV has been deprecated and will be removed in SDK 54. Use the `expo-audio` and `expo-video` packages to replace the required functionality.
Android Bundled 40ms src\store\donorStore.ts (1 module)
 WARN  SafeAreaView has been deprecated and will be removed in a future release. Please use 'react-native-safe-area-context' instead. See https://github.com/th3rdwave/react-native-safe-area-context
Android Bundled 91ms src\store\highlightsStore.ts (1 module)
Android node_modules\expo-router\entry.js ░░░░░░░░░░░░░░░░  0.0% (0/1)
Android Bundled 148ms node_modules\expo-router\entry.js (1 module)
C:\Users\arcix\Projects\biblia-ai\node_modules\expo\node_modules\@expo\cli\build\src\utils\errors.js:130
    throw error;
    ^

Error: ENOENT: no such file or directory, watch 'C:\Users\arcix\Projects\biblia-ai\android\app\.cxx\RelWithDebInfo\6fx2m6g6\armeabi-v7a\CMakeFiles\CMakeTmp\CMakeFiles\cmTC_b27a8.dir'
    at FSWatcher.<computed> (node:internal/fs/watchers:316:19)
    at Object.watch (node:fs:2537:36)
    at FallbackWatcher._watchdir (C:\Users\arcix\Projects\biblia-ai\node_modules\@expo\metro\node_modules\metro-file-map\src\watchers\FallbackWatcher.js:119:33)
    at C:\Users\arcix\Projects\biblia-ai\node_modules\@expo\metro\node_modules\metro-file-map\src\watchers\FallbackWatcher.js:219:22
    at Walker.<anonymous> (C:\Users\arcix\Projects\biblia-ai\node_modules\@expo\metro\node_modules\metro-file-map\src\watchers\FallbackWatcher.js:358:5)
    at Walker.emit (node:events:508:28)
    at C:\Users\arcix\Projects\biblia-ai\node_modules\walker\lib\walker.js:69:16
    at FSReqCallback.oncomplete (node:fs:185:23) {
  errno: -4058,
  syscall: 'watch',
  code: 'ENOENT',
  path: 'C:\\Users\\arcix\\Projects\\biblia-ai\\android\\app\\.cxx\\RelWithDebInfo\\6fx2m6g6\\armeabi-v7a\\CMakeFiles\\CMakeTmp\\CMakeFiles\\cmTC_b27a8.dir',
  filename: 'C:\\Users\\arcix\\Projects\\biblia-ai\\android\\app\\.cxx\\RelWithDebInfo\\6fx2m6g6\\armeabi-v7a\\CMakeFiles\\CMakeTmp\\CMakeFiles\\cmTC_b27a8.dir'
}

Node.js v24.14.0
